<?xml version="1.0" encoding="utf-8"?><testsuites name="pytest tests"><testsuite name="pytest" errors="0" failures="0" skipped="0" tests="5" time="0.069" timestamp="2025-10-16T19:59:51.630400+07:00" hostname="HoangChimTo"><testcase classname="test_dem_chu_so_chan" name="test_so_am_chu_so_chan" time="0.001" /><testcase classname="test_dem_chu_so_chan" name="test_tat_ca_chu_so_le" time="0.001" /><testcase classname="test_dem_chu_so_chan" name="test_chu_so_chan_va_le" time="0.001" /><testcase classname="test_dem_chu_so_chan" name="test_so_khong" time="0.001" /><testcase classname="test_dem_chu_so_chan" name="test_chu_so_chan_don" time="0.001" /></testsuite></testsuites>